../Core/Src/main.c:131:24:ldrClassifier	16	static
../Core/Src/main.c:137:24:dhtClassifier	24	static
../Core/Src/main.c:147:6:HAL_UART_RxCpltCallback	48	static
../Core/Src/main.c:164:6:sendEventQueueHelper	24	static
../Core/Src/main.c:172:6:toggleBuzzer	16	static
../Core/Src/main.c:182:6:sequencerStart	4	static
../Core/Src/main.c:187:6:sequencerStop	8	static
../Core/Src/main.c:196:6:delay_us	24	static
../Core/Src/main.c:205:6:Set_Pin_Output	40	static
../Core/Src/main.c:214:6:Set_Pin_Input	40	static
../Core/Src/main.c:223:19:DHT22_WaitPinState	24	static
../Core/Src/main.c:233:12:DHT22_Read	40	static
../Core/Src/main.c:267:19:Tulis_EEPROM_Aman	40	static
../Core/Src/main.c:288:19:verifyEEPROM	72	static
../Core/Src/main.c:311:5:main	280	static
../Core/Src/main.c:444:6:SystemClock_Config	88	static
../Core/Src/main.c:491:13:MX_ADC1_Init	24	static
../Core/Src/main.c:543:13:MX_I2C1_Init	8	static
../Core/Src/main.c:577:13:MX_TIM1_Init	80	static
../Core/Src/main.c:642:13:MX_TIM2_Init	48	static
../Core/Src/main.c:691:13:MX_TIM3_Init	56	static
../Core/Src/main.c:740:13:MX_USART2_UART_Init	8	static
../Core/Src/main.c:771:13:MX_DMA_Init	16	static
../Core/Src/main.c:792:13:MX_GPIO_Init	40	static
../Core/Src/main.c:835:6:StartDefaultTask	16	static
../Core/Src/main.c:853:6:StartTaskOLED	32	static
../Core/Src/main.c:888:6:StartTaskUI	32	static
../Core/Src/main.c:919:6:StartTaskLogger	104	static
../Core/Src/main.c:983:6:StartTaskStateEvent	56	static
../Core/Src/main.c:1082:6:StartTaskSequencer	56	static
../Core/Src/main.c:1141:6:StartTaskSensor	32	static
../Core/Src/main.c:1195:6:HAL_TIM_PeriodElapsedCallback	16	static
../Core/Src/main.c:1213:6:Error_Handler	4	static,ignoring_inline_asm
