../Core/Src/main.c:131:24:ldrClassifier	3
../Core/Src/main.c:137:24:dhtClassifier	4
../Core/Src/main.c:147:6:HAL_UART_RxCpltCallback	5
../Core/Src/main.c:164:6:sendEventQueueHelper	2
../Core/Src/main.c:172:6:toggleBuzzer	1
../Core/Src/main.c:182:6:sequencerStart	1
../Core/Src/main.c:187:6:sequencerStop	1
../Core/Src/main.c:196:6:delay_us	2
../Core/Src/main.c:205:6:Set_Pin_Output	1
../Core/Src/main.c:214:6:Set_Pin_Input	1
../Core/Src/main.c:223:19:DHT22_WaitPinState	3
../Core/Src/main.c:233:12:DHT22_Read	11
../Core/Src/main.c:267:19:Tulis_EEPROM_Aman	4
../Core/Src/main.c:288:19:verifyEEPROM	4
../Core/Src/main.c:311:5:main	1
../Core/Src/main.c:444:6:SystemClock_Config	3
../Core/Src/main.c:491:13:MX_ADC1_Init	3
../Core/Src/main.c:543:13:MX_I2C1_Init	2
../Core/Src/main.c:577:13:MX_TIM1_Init	5
../Core/Src/main.c:642:13:MX_TIM2_Init	4
../Core/Src/main.c:691:13:MX_TIM3_Init	3
../Core/Src/main.c:740:13:MX_USART2_UART_Init	2
../Core/Src/main.c:771:13:MX_DMA_Init	1
../Core/Src/main.c:792:13:MX_GPIO_Init	1
../Core/Src/main.c:835:6:StartDefaultTask	1
../Core/Src/main.c:853:6:StartTaskOLED	3
../Core/Src/main.c:888:6:StartTaskUI	2
../Core/Src/main.c:919:6:StartTaskLogger	6
../Core/Src/main.c:983:6:StartTaskStateEvent	17
../Core/Src/main.c:1082:6:StartTaskSequencer	6
../Core/Src/main.c:1141:6:StartTaskSensor	5
../Core/Src/main.c:1195:6:HAL_TIM_PeriodElapsedCallback	2
../Core/Src/main.c:1213:6:Error_Handler	1
